ab
abbotsford-mission-cma
abilene-tx-metro
aguadilla-pr-metro
ak
akron-oh-metro
al
albany-ga-metro
albany-ny-metro
albany-or-metro
albuquerque-nm-metro
alexandria-la-metro
allentown-pa-metro
allentown-pa-metro-nj
allentown-pa-metro-pa
altoona-pa-metro
amarillo-tx-metro
ames-ia-metro
amherst-town-ma-metro
anchorage-ak-metro
ann-arbor-mi-metro
anniston-al-metro
appleton-wi-metro
ar
arecibo-pr-metro
asheville-nc-metro
athens-ga-metro
atlanta-ga-metro
atlantic-city-nj-metro
auburn-al-metro
augusta-ga-metro
augusta-ga-metro-ga
augusta-ga-metro-sc
austin-tx-metro
az
bakersfield-ca-metro
baltimore-md-metro
bangor-me-metro
barnstable-town-ma-metro
barrie-cma
baton-rouge-la-metro
battle-creek-mi-metro
bay-city-mi-metro
bc
beaumont-tx-metro
beckley-wv-metro
belleville-quinte-west-cma
bellingham-wa-metro
bend-or-metro
billings-mt-metro
binghamton-ny-metro
birmingham-al-metro
bismarck-nd-metro
blacksburg-va-metro
bloomington-il-metro
bloomington-in-metro
boise-city-id-metro
boston
boulder-co-metro
bowling-green-ky-metro
bozeman-mt-metro
brantford-cma
bremerton-wa-metro
bridgeport
bridgeport-ct-metro
bronx
brooklyn
brownsville-tx-metro
brunswick-ga-metro
buffalo-ny-metro
burlington-nc-metro
burlington-vt-metro
burnaby
ca-state
calgary-cma
cambridge-ma
canton-oh-metro
cape-coral-fl-metro
cape-girardeau-mo-metro
cape-girardeau-mo-metro-il
cape-girardeau-mo-metro-mo
carson-city-nv-metro
casper-wy-metro
cedar-rapids-ia-metro
chambersburg-pa-metro
champaign-il-metro
charleston-sc-metro
charleston-wv-metro
charlotte-nc-metro
charlotte-nc-metro-nc
charlotte-nc-metro-sc
charlottesville-va-metro
chattanooga-tn-metro
chattanooga-tn-metro-ga
chattanooga-tn-metro-tn
cheyenne-wy-metro
chicago
chicago-metro
chicago-metro-il
chicago-metro-in
chicagoland
chico-ca-metro
chilliwack-cma
cincinnati-oh-metro
cincinnati-oh-metro-in
cincinnati-oh-metro-ky
cincinnati-oh-metro-oh
clarksville-tn-metro
clarksville-tn-metro-ky
clarksville-tn-metro-tn
cleveland-oh-metro
cleveland-tn-metro
co
coeur-dalene-id-metro
college-station-tx-metro
colorado-springs-co-metro
columbia-mo-metro
columbia-sc-metro
columbus-ga-metro
columbus-ga-metro-al
columbus-ga-metro-ga
columbus-in-metro
columbus-oh-metro
cook-county
corpus-christi-tx-metro
corvallis-or-metro
crestview-fl-metro
ct
dallas-tx-metro
dalton-ga-metro
daphne-al-metro
davenport-ia-metro
davenport-ia-metro-ia
davenport-ia-metro-il
dayton-oh-metro
dc
de-state
decatur-al-metro
decatur-il-metro
deltona-fl-metro
denver-co-metro
des-moines-ia-metro
detroit-mi-metro
dothan-al-metro
dover-de-metro
drummondville-cma
dubuque-ia-metro
duluth-mn-metro
duluth-mn-metro-mn
duluth-mn-metro-wi
dupage-county
durham-nc-metro
eagle-pass-tx-metro
eau-claire-wi-metro
edmonton-cma
el-centro-ca-metro
el-paso-tx-metro
elizabethtown-ky-metro
elkhart-in-metro
elmira-ny-metro
enid-ok-metro
erie-pa-metro
eugene-or-metro
evansville-in-metro
fairbanks-ak-metro
fargo-nd-metro
fargo-nd-metro-mn
fargo-nd-metro-nd
farmington-nm-metro
fayetteville-ar-metro
fayetteville-nc-metro
fl
flagstaff-az-metro
flint-mi-metro
florence-al-metro
florence-sc-metro
fond-du-lac-wi-metro
fort-collins-co-metro
fort-smith-ar-metro
fort-smith-ar-metro-ar
fort-smith-ar-metro-ok
fort-wayne-in-metro
fredericton-cma
fresno-ca-metro
ga
gadsden-al-metro
gainesville-fl-metro
gainesville-ga-metro
gary
gettysburg-pa-metro
glens-falls-ny-metro
goldsboro-nc-metro
grand-forks-nd-metro
grand-forks-nd-metro-mn
grand-forks-nd-metro-nd
grand-island-ne-metro
grand-junction-co-metro
grand-rapids-mi-metro
grants-pass-or-metro
great-falls-mt-metro
greater-boston
greater-boston-ma
greater-boston-nh
greater-la
greater-miami
greater-sudbury-cma
greeley-co-metro
green-bay-wi-metro
greensboro-nc-metro
greenville-nc-metro
greenville-sc-metro
guayama-pr-metro
guelph-cma
gulfport-ms-metro
hagerstown-md-metro
hagerstown-md-metro-md
hagerstown-md-metro-wv
halifax-cma
hamilton-cma
hammond-la-metro
hanford-ca-metro
harrisburg-pa-metro
harrisonburg-va-metro
hartford-ct-metro
hattiesburg-ms-metro
helena-mt-metro
hi
hickory-nc-metro
hilton-head-island-sc-metro
hinesville-ga-metro
hoboken
homosassa-springs-fl-metro
hot-springs-ar-metro
houma-la-metro
houston-tx-metro
huntington-wv-metro
huntington-wv-metro-ky
huntington-wv-metro-oh
huntington-wv-metro-wv
huntsville-al-metro
ia
id
idaho-falls-id-metro
il
in
indianapolis-in-metro
iowa-city-ia-metro
ithaca-ny-metro
jackson-mi-metro
jackson-ms-metro
jackson-tn-metro
jacksonville-fl-metro
jacksonville-nc-metro
janesville-wi-metro
jefferson-city-mo-metro
johnson-city-tn-metro
johnstown-pa-metro
jonesboro-ar-metro
joplin-mo-metro
joplin-mo-metro-ks
joplin-mo-metro-mo
kahului-hi-metro
kalamazoo-mi-metro
kamloops-cma
kane-county
kankakee-il-metro
kansas-city-mo-metro
kansas-city-mo-metro-ks
kansas-city-mo-metro-mo
kelowna-cma
kennewick-wa-metro
kenosha-wi-metro
killeen-tx-metro
kingsport-tn-metro
kingsport-tn-metro-tn
kingsport-tn-metro-va
kingston-cma
kingston-ny-metro
kiryas-joel-ny-metro
kitchener-cambridge-waterloo-cma
knoxville-tn-metro
kokomo-in-metro
ks
ky
la-crosse-wi-metro
la-crosse-wi-metro-mn
la-crosse-wi-metro-wi
la-state
lafayette-in-metro
lafayette-la-metro
lake-charles-la-metro
lake-county-il
lake-county-in
lake-havasu-city-az-metro
lakeland-fl-metro
lancaster-pa-metro
lansing-mi-metro
laredo-tx-metro
las-cruces-nm-metro
las-vegas-nv-metro
lawrence-ks-metro
lawton-ok-metro
lebanon-pa-metro
lethbridge-cma
lewiston-id-metro
lewiston-id-metro-id
lewiston-id-metro-wa
lewiston-me-metro
lexington-ky-metro
lexington-park-md-metro
lima-oh-metro
lincoln-ne-metro
little-rock-ar-metro
logan-ut-metro
logan-ut-metro-id
logan-ut-metro-ut
london-cma
longview-tx-metro
longview-wa-metro
los-angeles
louisville-jefferson-county-ky-metro
louisville-jefferson-county-ky-metro-in
louisville-jefferson-county-ky-metro-ky
lubbock-tx-metro
lynchburg-va-metro
ma
macon-ga-metro
madison-wi-metro
manchester-nh-metro
manhattan
manhattan-ks-metro
mankato-mn-metro
mansfield-oh-metro
mayaguez-pr-metro
mb
mcallen-tx-metro
mchenry-county
md
me
medford-or-metro
memphis-tn-metro
memphis-tn-metro-ar
memphis-tn-metro-ms
memphis-tn-metro-tn
merced-ca-metro
metro-vancouver
mi
miami
michigan-city-in-metro
midland-mi-metro
midland-tx-metro
milwaukee-wi-metro
minneapolis-mn-metro
minneapolis-mn-metro-mn
minneapolis-mn-metro-wi
minot-nd-metro
missoula-mt-metro
mn
mo
mobile-al-metro
modesto-ca-metro
moncton-cma
monroe-la-metro
monroe-mi-metro
montgomery-al-metro
montreal
montreal-cma
morgantown-wv-metro
morristown-tn-metro
mount-vernon-wa-metro
ms
mt
muncie-in-metro
muskegon-mi-metro
myrtle-beach-sc-metro
nanaimo-cma
napa-ca-metro
naples-fl-metro
nashville-tn-metro
nb
nc
nd
ne
new-haven-ct-metro
new-orleans-la-metro
nh
niles-mi-metro
nj
nl-province
nm
north-port-fl-metro
norwich-ct-metro
ns
nt
nu
nv
ny
nyc
nyc-metro
nyc-metro-nj
nyc-metro-ny
nyc-tristate
oak-park
ocala-fl-metro
odessa-tx-metro
ogden-ut-metro
oh
ok
oklahoma-city-ok-metro
olympia-wa-metro
omaha-ne-metro
omaha-ne-metro-ia
omaha-ne-metro-ne
on
or
orlando-fl-metro
oshawa-cma
oshkosh-wi-metro
ottawa-gatineau-cma
ottawa-gatineau-cma-on
ottawa-gatineau-cma-qc
owensboro-ky-metro
oxnard-ca-metro
pa
paducah-ky-metro
paducah-ky-metro-il
paducah-ky-metro-ky
palm-bay-fl-metro
panama-city-fl-metro
parkersburg-wv-metro
pe
pensacola-fl-metro
peoria-il-metro
peterborough-cma
philadelphia-pa-metro
philadelphia-pa-metro-de
philadelphia-pa-metro-md
philadelphia-pa-metro-nj
philadelphia-pa-metro-pa
phoenix-az-metro
pinehurst-nc-metro
pittsburgh-pa-metro
pittsfield-ma-metro
pocatello-id-metro
ponce-pr-metro
port-st-lucie-fl-metro
portland-me-metro
portland-or-metro
portland-or-metro-or
portland-or-metro-wa
pr
prescott-valley-az-metro
providence-ri-metro
providence-ri-metro-ma
providence-ri-metro-ri
provo-ut-metro
pueblo-co-metro
punta-gorda-fl-metro
qc
quebec-cma
queens
racine-wi-metro
raleigh-nc-metro
rapid-city-sd-metro
reading-pa-metro
red-deer-cma
redding-ca-metro
regina-cma
reno-nv-metro
ri
richmond
richmond-va-metro
riverside-ca-metro
roanoke-va-metro
rochester-mn-metro
rochester-ny-metro
rockford-il-metro
rocky-mount-nc-metro
rome-ga-metro
rta-service-area
sacramento-ca-metro
saginaw-mi-metro
saguenay-cma
saint-john-cma
salem-or-metro
salinas-ca-metro
salisbury-md-metro
salt-lake-city-ut-metro
san-angelo-tx-metro
san-antonio-tx-metro
san-diego-ca-metro
san-jose-ca-metro
san-juan-pr-metro
san-luis-obispo-ca-metro
sandusky-oh-metro
santa-cruz-ca-metro
santa-fe-nm-metro
santa-maria-ca-metro
santa-rosa-ca-metro
saskatoon-cma
savannah-ga-metro
sc
scranton-pa-metro
sd
seattle
seattle-metro
sebastian-fl-metro
sebring-fl-metro
sf
sf-bay-area
sheboygan-wi-metro
sherbrooke-cma
sherman-tx-metro
shreveport-la-metro
sierra-vista-az-metro
sioux-city-ia-metro
sioux-city-ia-metro-ia
sioux-city-ia-metro-ne
sioux-city-ia-metro-sd
sioux-falls-sd-metro
sioux-falls-sd-metro-mn
sioux-falls-sd-metro-sd
sk
slidell-la-metro
south-bend-in-metro
south-bend-in-metro-in
south-bend-in-metro-mi
spartanburg-sc-metro
spokane-wa-metro
springfield-il-metro
springfield-ma-metro
springfield-mo-metro
springfield-oh-metro
st-catharines-niagara-cma
st-cloud-mn-metro
st-george-ut-metro
st-johns-cma
st-joseph-mo-metro
st-joseph-mo-metro-ks
st-joseph-mo-metro-mo
st-louis-mo-metro
st-louis-mo-metro-il
st-louis-mo-metro-mo
state-college-pa-metro
staten-island
staunton-va-metro
stockton-ca-metro
sumter-sc-metro
syracuse-ny-metro
tallahassee-fl-metro
tampa-fl-metro
terre-haute-in-metro
texarkana-tx-metro
texarkana-tx-metro-ar
texarkana-tx-metro-tx
thunder-bay-cma
tn
toledo-oh-metro
topeka-ks-metro
toronto
toronto-cma
traverse-city-mi-metro
trenton-nj-metro
trois-rivieres-cma
tucson-az-metro
tulsa-ok-metro
tuscaloosa-al-metro
twin-falls-id-metro
tx
tyler-tx-metro
urban-honolulu-hi-metro
ut
utica-ny-metro
va
valdosta-ga-metro
vallejo-ca-metro
vancouver
victoria-cma
victoria-tx-metro
vineland-nj-metro
virginia-beach-va-metro
virginia-beach-va-metro-nc
virginia-beach-va-metro-va
visalia-ca-metro
vt
wa
waco-tx-metro
walla-walla-wa-metro
warner-robins-ga-metro
washington-dc
washington-dc-metro
washington-dc-metro-dc
washington-dc-metro-md
washington-dc-metro-va
washington-dc-metro-wv
waterbury-ct-metro
waterloo-ia-metro
watertown-ny-metro
wausau-wi-metro
weirton-wv-metro
weirton-wv-metro-oh
weirton-wv-metro-wv
wenatchee-wa-metro
wheeling-wv-metro
wheeling-wv-metro-oh
wheeling-wv-metro-wv
wi
wichita-falls-tx-metro
wichita-ks-metro
wildwood-fl-metro
will-county
williamsport-pa-metro
wilmington-nc-metro
winchester-va-metro
winchester-va-metro-va
winchester-va-metro-wv
windsor-cma
winnipeg-cma
winston-nc-metro
worcester-ma-metro
wv
wy
yakima-wa-metro
york-pa-metro
youngstown-oh-metro
yt
yuba-city-ca-metro
yuma-az-metro
